ENSG00000134242	ENSMUSG00000027843	ENSRNOG00000019614
ENSG00000142182	ENSMUSG00000000730	ENSRNOG00000001212
